[2026-09-09 19:57:10] ERROR: MQTT error:
[2026-09-09 19:57:15] ERROR: MQTT error:
[2026-09-09 19:57:20] ERROR: MQTT error:
[2026-09-09 19:57:25] ERROR: MQTT error:
[2026-09-09 19:57:30] ERROR: MQTT error:
[2026-09-09 19:57:35] ERROR: MQTT error:
[2026-09-09 19:57:40] ERROR: MQTT error:
[2026-09-09 19:57:45] ERROR: MQTT error:
[2026-09-09 19:57:50] ERROR: MQTT error:
[2026-09-09 19:57:55] ERROR: MQTT error:
[2026-09-09 19:58:00] ERROR: MQTT error:
[2026-09-09 19:58:05] ERROR: MQTT error:
[2026-09-09 19:58:10] ERROR: MQTT error:
[2026-09-09 19:58:15] ERROR: MQTT error:
[2026-09-09 19:58:20] ERROR: MQTT error:
[2026-09-09 19:58:25] ERROR: MQTT error:
[2026-09-09 19:58:30] ERROR: MQTT error:
[2026-09-09 19:58:35] ERROR: MQTT error:
[2026-09-09 19:58:40] ERROR: MQTT error:
[2026-09-09 19:58:45] ERROR: MQTT error:
[2026-09-09 19:58:50] ERROR: MQTT error:
[2026-09-09 19:58:55] ERROR: MQTT error:
[2026-09-09 19:59:00] ERROR: MQTT error:
[2026-09-09 19:59:05] ERROR: MQTT error:
[2026-09-09 19:59:10] ERROR: MQTT error:
[2026-09-09 19:59:15] ERROR: MQTT error:
[2026-09-09 19:59:20] ERROR: MQTT error:
[2026-09-09 19:59:25] ERROR: MQTT error:
[2026-09-09 19:59:30] ERROR: MQTT error:
[2026-09-09 19:59:35] ERROR: MQTT error:
[2026-09-09 19:59:40] ERROR: MQTT error:
[2026-09-09 19:59:45] ERROR: MQTT error:
[2026-09-09 19:59:50] ERROR: MQTT error:
[2026-09-09 19:59:55] ERROR: MQTT error:
[2026-09-09 20:00:00] ERROR: MQTT error:
[2026-09-09 20:00:05] ERROR: MQTT error:
[2026-09-09 20:00:10] ERROR: MQTT error:
[2026-09-09 20:00:15] ERROR: MQTT error:
[2026-09-09 20:00:20] ERROR: MQTT error:
[2026-09-09 20:00:25] ERROR: MQTT error:
[2026-09-09 20:00:30] ERROR: MQTT error:
[2026-09-09 20:00:35] ERROR: MQTT error:
[2026-09-09 20:00:40] ERROR: MQTT error:
[2026-09-09 20:00:45] ERROR: MQTT error:
[2026-09-09 20:00:50] ERROR: MQTT error:
[2026-09-09 20:00:55] ERROR: MQTT error:
[2026-09-09 20:01:00] ERROR: MQTT error:
[2026-09-09 20:01:05] ERROR: MQTT error:
[2026-09-09 20:01:10] ERROR: MQTT error:
[2026-09-09 20:01:15] ERROR: MQTT error:
[2026-09-09 20:01:20] ERROR: MQTT error:
[2026-09-09 20:01:25] ERROR: MQTT error:
[2026-09-09 20:01:30] ERROR: MQTT error:
[2026-09-09 20:01:35] ERROR: MQTT error:
[2026-09-09 20:01:40] ERROR: MQTT error:
[2026-09-09 20:01:45] ERROR: MQTT error:
[2026-09-09 20:01:50] ERROR: MQTT error:
[2026-09-09 20:01:55] ERROR: MQTT error:
[2026-09-09 20:02:00] ERROR: MQTT error:
[2026-09-09 20:02:05] ERROR: MQTT error:
[2026-09-09 20:02:10] ERROR: MQTT error:
[2026-09-09 20:02:15] ERROR: MQTT error:
[2026-09-09 20:02:20] ERROR: MQTT error:
[2026-09-09 20:02:25] ERROR: MQTT error:
[2026-09-09 20:02:30] ERROR: MQTT error:
[2026-09-09 20:02:35] ERROR: MQTT error:
[2026-09-09 20:02:40] ERROR: MQTT error:
[2026-09-09 20:02:45] ERROR: MQTT error:
[2026-09-09 20:02:50] ERROR: MQTT error:
[2026-09-09 20:02:55] ERROR: MQTT error:
[2026-09-09 20:03:00] ERROR: MQTT error:
[2026-09-09 20:03:05] ERROR: MQTT error:
[2026-09-09 20:03:10] ERROR: MQTT error:
[2026-09-09 20:03:15] ERROR: MQTT error:
[2026-09-09 20:03:20] ERROR: MQTT error:
[2026-09-09 20:03:25] ERROR: MQTT error:
[2026-09-09 20:03:31] ERROR: MQTT error:
[2026-09-09 20:03:31] ERROR: [ERROR] POST /api/devices/light/control: getMqttClient is not a function
TypeError: getMqttClient is not a function
    at publish (C:\Users\ADMIN\Downloads\Thiet ke ht IOT\BÀi tập lớn\backend_csdl\src\mqtt\mqttPublisher.js:9:18)
    at publishLightOff (C:\Users\ADMIN\Downloads\Thiet ke ht IOT\BÀi tập lớn\backend_csdl\src\mqtt\mqttPublisher.js:45:10)
    at controlLight (C:\Users\ADMIN\Downloads\Thiet ke ht IOT\BÀi tập lớn\backend_csdl\src\controllers\deviceController.js:88:24)
    at Layer.handle [as handle_request] (C:\Users\ADMIN\Downloads\Thiet ke ht IOT\BÀi tập lớn\backend_csdl\node_modules\express\lib\router\layer.js:95:5)
    at next (C:\Users\ADMIN\Downloads\Thiet ke ht IOT\BÀi tập lớn\backend_csdl\node_modules\express\lib\router\route.js:149:13)
    at requireAdmin (C:\Users\ADMIN\Downloads\Thiet ke ht IOT\BÀi tập lớn\backend_csdl\src\middleware\auth.js:52:3)
    at Layer.handle [as handle_request] (C:\Users\ADMIN\Downloads\Thiet ke ht IOT\BÀi tập lớn\backend_csdl\node_modules\express\lib\router\layer.js:95:5)
    at next (C:\Users\ADMIN\Downloads\Thiet ke ht IOT\BÀi tập lớn\backend_csdl\node_modules\express\lib\router\route.js:149:13)
    at authenticate (C:\Users\ADMIN\Downloads\Thiet ke ht IOT\BÀi tập lớn\backend_csdl\src\middleware\auth.js:33:5)
    at process.processTicksAndRejections (node:internal/process/task_queues:105:5)
[2026-09-09 20:03:36] ERROR: MQTT error:
[2026-09-09 20:03:41] ERROR: MQTT error:
[2026-09-09 20:03:46] ERROR: MQTT error:
[2026-09-09 20:03:51] ERROR: MQTT error:
[2026-09-09 20:03:56] ERROR: MQTT error:
[2026-09-09 20:04:01] ERROR: MQTT error:
[2026-09-09 20:04:06] ERROR: MQTT error:
[2026-09-09 20:04:11] ERROR: MQTT error:
[2026-09-09 20:04:16] ERROR: MQTT error:
[2026-09-09 20:04:21] ERROR: MQTT error:
[2026-09-09 20:04:26] ERROR: MQTT error:
[2026-09-09 20:04:31] ERROR: MQTT error:
[2026-09-09 20:04:36] ERROR: MQTT error:
[2026-09-09 20:04:41] ERROR: MQTT error:
[2026-09-09 20:04:46] ERROR: MQTT error:
[2026-09-09 20:04:51] ERROR: MQTT error:
[2026-09-09 20:04:56] ERROR: MQTT error:
[2026-09-09 20:05:01] ERROR: MQTT error:
[2026-09-09 20:05:06] ERROR: MQTT error:
[2026-09-09 20:05:11] ERROR: MQTT error:
[2026-09-09 20:05:16] ERROR: MQTT error:
[2026-09-09 20:05:21] ERROR: MQTT error:
[2026-09-09 20:05:26] ERROR: MQTT error:
[2026-09-09 20:05:31] ERROR: MQTT error:
[2026-09-09 20:05:36] ERROR: MQTT error:
[2026-09-09 20:05:41] ERROR: MQTT error:
[2026-09-09 20:05:46] ERROR: MQTT error:
[2026-09-09 20:05:51] ERROR: MQTT error:
[2026-09-09 20:05:56] ERROR: MQTT error:
[2026-09-09 20:06:01] ERROR: MQTT error:
[2026-09-09 20:06:06] ERROR: MQTT error:
[2026-09-09 20:06:11] ERROR: MQTT error:
[2026-09-09 20:06:16] ERROR: MQTT error:
[2026-09-09 20:06:21] ERROR: MQTT error:
[2026-09-09 20:06:26] ERROR: MQTT error:
[2026-09-09 20:06:31] ERROR: MQTT error:
[2026-09-09 20:06:36] ERROR: MQTT error:
[2026-09-09 20:06:41] ERROR: MQTT error:
[2026-09-09 20:06:46] ERROR: MQTT error:
[2026-09-09 20:06:51] ERROR: MQTT error:
[2026-09-09 20:06:56] ERROR: MQTT error:
[2026-09-09 20:07:01] ERROR: MQTT error:
[2026-09-09 20:07:06] ERROR: MQTT error:
[2026-09-09 20:07:11] ERROR: MQTT error:
[2026-09-09 20:07:16] ERROR: MQTT error:
[2026-09-09 20:07:21] ERROR: MQTT error:
[2026-09-09 20:07:26] ERROR: MQTT error:
[2026-09-09 20:07:31] ERROR: MQTT error:
[2026-09-09 20:07:36] ERROR: MQTT error:
[2026-09-09 20:07:41] ERROR: MQTT error:
[2026-09-09 20:07:46] ERROR: MQTT error:
[2026-09-09 20:07:51] ERROR: MQTT error:
[2026-09-09 20:07:56] ERROR: MQTT error:
[2026-09-09 20:08:01] ERROR: MQTT error:
[2026-09-09 20:08:07] ERROR: MQTT error:
[2026-09-09 20:08:12] ERROR: MQTT error:
[2026-09-09 20:08:17] ERROR: MQTT error:
[2026-09-09 20:08:22] ERROR: MQTT error:
[2026-09-09 20:08:27] ERROR: MQTT error:
[2026-09-09 20:08:32] ERROR: MQTT error:
[2026-09-09 20:08:37] ERROR: MQTT error:
[2026-09-09 20:08:42] ERROR: MQTT error:
[2026-09-09 20:08:47] ERROR: MQTT error:
[2026-09-09 20:08:52] ERROR: MQTT error:
[2026-09-09 20:08:57] ERROR: MQTT error:
[2026-09-09 20:11:26] ERROR: MQTT error:
[2026-09-09 20:11:31] ERROR: MQTT error:
[2026-09-09 20:11:36] ERROR: MQTT error:
[2026-09-09 20:11:41] ERROR: MQTT error:
[2026-09-09 20:11:46] ERROR: MQTT error:
[2026-09-09 20:11:51] ERROR: MQTT error:
[2026-09-09 20:11:56] ERROR: MQTT error:
[2026-09-09 20:12:01] ERROR: MQTT error:
[2026-09-09 20:12:06] ERROR: MQTT error:
[2026-09-09 20:12:11] ERROR: MQTT error:
[2026-09-09 20:12:16] ERROR: MQTT error:
[2026-09-09 20:12:21] ERROR: MQTT error:
[2026-09-09 20:12:26] ERROR: MQTT error:
[2026-09-09 20:12:31] ERROR: MQTT error:
[2026-09-09 20:12:36] ERROR: MQTT error:
[2026-09-09 20:12:41] ERROR: MQTT error:
[2026-09-09 20:12:46] ERROR: MQTT error:
[2026-09-09 20:12:51] ERROR: MQTT error:
[2026-09-09 20:12:56] ERROR: MQTT error:
[2026-09-09 20:13:01] ERROR: MQTT error:
[2026-09-09 20:13:06] ERROR: MQTT error:
[2026-09-09 20:13:11] ERROR: MQTT error:
[2026-09-09 20:13:16] ERROR: MQTT error:
[2026-09-09 20:13:21] ERROR: MQTT error:
[2026-09-09 20:13:26] ERROR: MQTT error:
[2026-09-09 20:13:31] ERROR: MQTT error:
[2026-09-09 20:13:36] ERROR: MQTT error:
[2026-09-09 20:13:41] ERROR: MQTT error:
[2026-09-09 20:13:46] ERROR: MQTT error:
[2026-09-09 20:13:51] ERROR: MQTT error:
[2026-09-09 20:13:56] ERROR: MQTT error:
[2026-09-09 20:14:01] ERROR: MQTT error:
[2026-09-09 20:14:06] ERROR: MQTT error:
[2026-09-09 20:14:11] ERROR: MQTT error:
[2026-09-09 20:14:16] ERROR: MQTT error:
[2026-09-09 20:14:21] ERROR: MQTT error:
[2026-09-09 20:14:26] ERROR: MQTT error:
[2026-09-09 20:14:31] ERROR: MQTT error:
[2026-09-09 20:14:36] ERROR: MQTT error:
[2026-09-09 20:14:41] ERROR: MQTT error:
[2026-09-09 20:14:46] ERROR: MQTT error:
[2026-09-09 20:14:51] ERROR: MQTT error:
[2026-09-09 20:14:56] ERROR: MQTT error:
[2026-09-09 20:15:01] ERROR: MQTT error:
[2026-09-09 20:15:06] ERROR: MQTT error:
[2026-09-09 20:15:11] ERROR: MQTT error:
[2026-09-09 20:15:16] ERROR: MQTT error:
[2026-09-09 20:15:21] ERROR: MQTT error:
[2026-09-09 20:15:26] ERROR: MQTT error:
[2026-09-09 20:15:31] ERROR: MQTT error:
[2026-09-09 20:15:36] ERROR: MQTT error:
[2026-09-09 20:15:42] ERROR: MQTT error:
[2026-09-09 20:15:47] ERROR: MQTT error:
[2026-09-09 20:15:52] ERROR: MQTT error:
[2026-09-09 20:15:57] ERROR: MQTT error:
[2026-09-09 20:16:02] ERROR: MQTT error:
[2026-09-09 20:16:07] ERROR: MQTT error:
[2026-09-09 20:16:12] ERROR: MQTT error:
[2026-09-09 20:16:17] ERROR: MQTT error:
[2026-09-09 20:16:22] ERROR: MQTT error:
[2026-09-09 20:16:27] ERROR: MQTT error:
[2026-09-09 20:16:32] ERROR: MQTT error:
[2026-09-09 20:16:37] ERROR: MQTT error:
[2026-09-09 20:16:42] ERROR: MQTT error:
[2026-09-09 20:16:47] ERROR: MQTT error:
[2026-09-09 20:16:52] ERROR: MQTT error:
[2026-09-09 20:16:57] ERROR: MQTT error:
[2026-09-09 20:17:02] ERROR: MQTT error:
[2026-09-09 20:17:07] ERROR: MQTT error:
[2026-09-09 20:17:12] ERROR: MQTT error:
[2026-09-09 20:17:17] ERROR: MQTT error:
[2026-09-09 20:17:22] ERROR: MQTT error:
[2026-09-09 20:17:27] ERROR: MQTT error:
[2026-09-09 20:17:32] ERROR: MQTT error:
[2026-09-09 20:17:37] ERROR: MQTT error:
[2026-09-09 20:17:42] ERROR: MQTT error:
[2026-09-09 20:17:47] ERROR: MQTT error:
[2026-09-09 20:17:52] ERROR: MQTT error:
[2026-09-09 20:17:57] ERROR: MQTT error:
[2026-09-09 20:18:02] ERROR: MQTT error:
[2026-09-09 20:18:07] ERROR: MQTT error:
[2026-09-09 20:18:12] ERROR: MQTT error:
[2026-09-09 20:18:17] ERROR: MQTT error:
[2026-09-09 20:18:22] ERROR: MQTT error:
[2026-09-09 20:18:27] ERROR: MQTT error:
[2026-09-09 20:18:32] ERROR: MQTT error:
[2026-09-09 20:18:37] ERROR: MQTT error:
[2026-09-09 20:18:42] ERROR: MQTT error:
[2026-09-09 20:18:47] ERROR: MQTT error:
[2026-09-09 20:18:52] ERROR: MQTT error:
[2026-09-09 20:18:57] ERROR: MQTT error:
[2026-09-09 20:19:02] ERROR: MQTT error:
[2026-09-09 20:19:07] ERROR: MQTT error:
[2026-09-09 20:19:12] ERROR: MQTT error:
[2026-09-09 20:19:17] ERROR: MQTT error:
[2026-09-09 20:19:22] ERROR: MQTT error:
[2026-09-09 20:19:27] ERROR: MQTT error:
[2026-09-09 20:19:32] ERROR: MQTT error:
[2026-09-09 20:19:37] ERROR: MQTT error:
[2026-09-09 20:19:42] ERROR: MQTT error:
[2026-09-09 20:19:47] ERROR: MQTT error:
[2026-09-09 20:19:52] ERROR: MQTT error:
[2026-09-09 20:19:57] ERROR: MQTT error:
[2026-09-09 20:20:02] ERROR: MQTT error:
[2026-09-09 20:20:07] ERROR: MQTT error:
[2026-09-09 20:20:12] ERROR: MQTT error:
[2026-09-09 20:20:17] ERROR: MQTT error:
[2026-09-09 20:20:22] ERROR: MQTT error:
[2026-09-09 20:20:27] ERROR: MQTT error:
[2026-09-09 20:20:32] ERROR: MQTT error:
[2026-09-09 20:20:37] ERROR: MQTT error:
[2026-09-09 20:20:42] ERROR: MQTT error:
[2026-09-09 20:20:47] ERROR: MQTT error:
[2026-09-09 20:20:52] ERROR: MQTT error:
[2026-09-09 20:21:01] ERROR: MQTT error:
[2026-09-09 20:21:06] ERROR: MQTT error:
[2026-09-09 20:21:11] ERROR: MQTT error:
[2026-09-09 20:21:16] ERROR: MQTT error:
[2026-09-09 20:21:21] ERROR: MQTT error:
[2026-09-09 20:21:26] ERROR: MQTT error:
[2026-09-09 20:21:31] ERROR: MQTT error:
[2026-09-09 20:21:36] ERROR: MQTT error:
[2026-09-09 20:21:41] ERROR: MQTT error:
[2026-09-09 20:21:46] ERROR: MQTT error:
[2026-09-09 20:21:51] ERROR: MQTT error:
[2026-09-09 20:21:56] ERROR: MQTT error:
[2026-09-09 20:22:01] ERROR: MQTT error:
[2026-09-09 20:22:06] ERROR: MQTT error:
[2026-09-09 20:22:11] ERROR: MQTT error:
[2026-09-09 20:22:16] ERROR: MQTT error:
[2026-09-09 20:22:21] ERROR: MQTT error:
[2026-09-09 20:22:26] ERROR: MQTT error:
[2026-09-09 20:22:31] ERROR: MQTT error:
[2026-09-09 20:22:36] ERROR: MQTT error:
[2026-09-09 20:22:41] ERROR: MQTT error:
[2026-09-09 20:22:46] ERROR: MQTT error:
[2026-09-09 20:22:51] ERROR: MQTT error:
[2026-09-09 20:22:56] ERROR: MQTT error:
[2026-09-09 20:23:01] ERROR: MQTT error:
[2026-09-09 20:23:06] ERROR: MQTT error:
[2026-09-09 20:23:11] ERROR: MQTT error:
[2026-09-09 20:23:16] ERROR: MQTT error:
[2026-09-09 20:23:21] ERROR: MQTT error:
[2026-09-09 20:23:26] ERROR: MQTT error:
[2026-09-09 20:23:31] ERROR: MQTT error:
[2026-09-09 20:23:36] ERROR: MQTT error:
[2026-09-09 20:23:41] ERROR: MQTT error:
[2026-09-09 20:23:46] ERROR: MQTT error:
[2026-09-09 20:23:51] ERROR: MQTT error:
[2026-09-09 20:23:56] ERROR: MQTT error:
[2026-09-09 20:24:01] ERROR: MQTT error:
[2026-09-09 20:24:06] ERROR: MQTT error:
[2026-09-09 20:24:11] ERROR: MQTT error:
[2026-09-09 20:24:16] ERROR: MQTT error:
[2026-09-09 20:24:21] ERROR: MQTT error:
[2026-09-09 20:24:26] ERROR: MQTT error:
[2026-09-09 20:24:31] ERROR: MQTT error:
[2026-09-09 20:24:36] ERROR: MQTT error:
[2026-09-09 20:24:41] ERROR: MQTT error:
[2026-09-09 20:24:46] ERROR: MQTT error:
[2026-09-09 20:24:51] ERROR: MQTT error:
[2026-09-09 20:24:56] ERROR: MQTT error:
[2026-09-09 20:25:01] ERROR: MQTT error:
[2026-09-09 20:25:06] ERROR: MQTT error:
[2026-09-09 20:25:11] ERROR: MQTT error:
[2026-09-09 20:25:16] ERROR: MQTT error:
[2026-09-09 20:25:21] ERROR: MQTT error:
[2026-09-09 20:25:26] ERROR: MQTT error:
[2026-09-09 20:25:31] ERROR: MQTT error:
[2026-09-09 20:25:36] ERROR: MQTT error:
[2026-09-09 20:25:41] ERROR: MQTT error:
[2026-09-09 20:25:46] ERROR: MQTT error:
[2026-09-09 20:25:51] ERROR: MQTT error:
[2026-09-09 20:25:56] ERROR: MQTT error:
[2026-09-09 20:26:02] ERROR: MQTT error:
[2026-09-09 20:26:07] ERROR: MQTT error:
[2026-09-09 20:26:12] ERROR: MQTT error:
[2026-09-09 20:26:17] ERROR: MQTT error:
[2026-09-09 20:26:22] ERROR: MQTT error:
[2026-09-09 20:26:25] ERROR: MQTT error:
[2026-09-09 20:26:30] ERROR: MQTT error:
[2026-09-09 20:26:35] ERROR: MQTT error:
[2026-09-09 20:26:40] ERROR: MQTT error:
[2026-09-09 20:26:45] ERROR: MQTT error:
[2026-09-09 20:26:50] ERROR: MQTT error:
[2026-09-09 20:26:55] ERROR: MQTT error:
[2026-09-09 20:27:00] ERROR: MQTT error:
[2026-09-09 20:27:05] ERROR: MQTT error:
[2026-09-09 20:27:10] ERROR: MQTT error:
[2026-09-09 20:27:15] ERROR: MQTT error:
[2026-09-09 20:27:20] ERROR: MQTT error:
[2026-09-09 20:27:25] ERROR: MQTT error:
[2026-09-09 20:27:30] ERROR: MQTT error:
[2026-09-09 20:27:35] ERROR: MQTT error:
[2026-09-09 20:27:40] ERROR: MQTT error:
[2026-09-09 20:27:45] ERROR: MQTT error:
[2026-09-09 20:27:50] ERROR: MQTT error:
[2026-09-09 20:27:55] ERROR: MQTT error:
[2026-09-09 20:28:00] ERROR: MQTT error:
[2026-09-09 20:28:05] ERROR: MQTT error:
[2026-09-09 20:28:10] ERROR: MQTT error:
[2026-09-09 20:28:16] ERROR: MQTT error:
[2026-09-09 20:28:21] ERROR: MQTT error:
[2026-09-09 20:29:21] ERROR: DB Query Error:
[2026-09-09 20:33:14] ERROR: MQTT error:
[2026-09-09 20:33:19] ERROR: MQTT error:
[2026-09-09 20:33:24] ERROR: MQTT error:
[2026-09-09 20:33:29] ERROR: MQTT error:
[2026-09-09 20:33:34] ERROR: MQTT error:
[2026-09-09 20:33:39] ERROR: MQTT error:
[2026-09-09 20:33:44] ERROR: MQTT error:
[2026-09-09 20:33:49] ERROR: MQTT error:
[2026-09-09 20:33:54] ERROR: MQTT error:
[2026-09-09 20:33:59] ERROR: MQTT error:
[2026-09-09 20:34:04] ERROR: MQTT error:
[2026-09-09 20:34:09] ERROR: MQTT error:
[2026-09-09 20:34:14] ERROR: MQTT error:
[2026-09-09 20:34:19] ERROR: MQTT error:
[2026-09-09 20:34:24] ERROR: MQTT error:
[2026-09-09 20:34:29] ERROR: MQTT error:
[2026-09-09 20:34:34] ERROR: MQTT error:
[2026-09-09 20:34:39] ERROR: MQTT error:
[2026-09-09 20:34:44] ERROR: MQTT error:
[2026-09-09 20:34:50] ERROR: MQTT error:
[2026-09-09 20:34:55] ERROR: MQTT error:
[2026-09-09 20:35:00] ERROR: MQTT error:
[2026-09-09 20:35:05] ERROR: MQTT error:
[2026-09-09 20:35:10] ERROR: MQTT error:
[2026-09-09 20:35:15] ERROR: MQTT error:
[2026-09-09 20:35:20] ERROR: MQTT error:
[2026-09-09 20:35:25] ERROR: MQTT error:
[2026-09-09 20:35:30] ERROR: MQTT error:
[2026-09-09 20:35:35] ERROR: MQTT error:
[2026-09-09 20:35:40] ERROR: MQTT error:
[2026-09-09 20:35:45] ERROR: MQTT error:
[2026-09-09 20:35:50] ERROR: MQTT error:
[2026-09-09 20:35:55] ERROR: MQTT error:
[2026-09-09 20:36:00] ERROR: MQTT error:
[2026-09-09 20:36:05] ERROR: MQTT error:
[2026-09-09 20:36:10] ERROR: MQTT error:
[2026-09-09 20:36:15] ERROR: MQTT error:
[2026-09-09 20:36:20] ERROR: MQTT error:
[2026-09-09 20:36:25] ERROR: MQTT error:
[2026-09-09 20:36:30] ERROR: MQTT error:
[2026-09-09 20:36:35] ERROR: MQTT error:
[2026-09-09 20:36:40] ERROR: MQTT error:
[2026-09-09 20:36:45] ERROR: MQTT error:
[2026-09-09 20:36:50] ERROR: MQTT error:
[2026-09-09 20:36:55] ERROR: MQTT error:
[2026-09-09 20:37:00] ERROR: MQTT error:
[2026-09-09 20:37:05] ERROR: MQTT error:
[2026-09-09 20:37:10] ERROR: MQTT error:
[2026-09-09 20:37:15] ERROR: MQTT error:
[2026-09-09 20:37:20] ERROR: MQTT error:
[2026-09-09 20:37:25] ERROR: MQTT error:
[2026-09-09 20:37:30] ERROR: MQTT error:
[2026-09-09 20:37:35] ERROR: MQTT error:
[2026-09-09 20:37:40] ERROR: MQTT error:
[2026-09-09 20:37:45] ERROR: MQTT error:
[2026-09-09 20:37:50] ERROR: MQTT error:
[2026-09-09 20:37:55] ERROR: MQTT error:
[2026-09-09 20:38:00] ERROR: MQTT error:
[2026-09-09 20:38:05] ERROR: MQTT error:
[2026-09-09 20:38:10] ERROR: MQTT error:
[2026-09-09 20:38:15] ERROR: MQTT error:
[2026-09-09 20:38:20] ERROR: MQTT error:
[2026-09-09 20:38:25] ERROR: MQTT error:
[2026-09-09 20:38:30] ERROR: MQTT error:
[2026-09-09 20:38:35] ERROR: MQTT error:
[2026-09-09 20:38:40] ERROR: MQTT error:
[2026-09-09 20:38:45] ERROR: MQTT error:
[2026-09-09 20:38:50] ERROR: MQTT error:
[2026-09-09 20:38:55] ERROR: MQTT error:
[2026-09-09 20:39:00] ERROR: MQTT error:
[2026-09-09 20:39:05] ERROR: MQTT error:
[2026-09-09 20:39:10] ERROR: MQTT error:
[2026-09-09 20:39:15] ERROR: MQTT error:
[2026-09-09 20:39:20] ERROR: MQTT error:
[2026-09-09 20:39:25] ERROR: MQTT error:
[2026-09-09 20:39:30] ERROR: MQTT error:
[2026-09-09 20:39:33] ERROR: MQTT error:
[2026-09-09 20:39:38] ERROR: MQTT error:
[2026-09-09 20:39:43] ERROR: MQTT error:
[2026-09-09 20:39:48] ERROR: MQTT error:
[2026-09-09 20:39:50] ERROR: MQTT error:
[2026-09-09 20:39:55] ERROR: MQTT error:
[2026-09-09 20:39:57] ERROR: MQTT error:
[2026-09-09 20:40:02] ERROR: MQTT error:
[2026-09-09 20:40:07] ERROR: MQTT error:
[2026-09-09 20:40:10] ERROR: MQTT error:
[2026-09-09 20:40:15] ERROR: MQTT error:
[2026-09-09 20:40:20] ERROR: MQTT error:
[2026-09-09 20:40:23] ERROR: MQTT error:
[2026-09-09 20:40:28] ERROR: MQTT error:
[2026-09-09 20:40:34] ERROR: MQTT error:
[2026-09-09 20:40:39] ERROR: MQTT error:
[2026-09-09 20:40:44] ERROR: MQTT error:
[2026-09-09 20:40:46] ERROR: MQTT error:
[2026-09-09 20:40:51] ERROR: MQTT error:
[2026-09-09 20:40:52] ERROR: MQTT error:
[2026-09-09 20:40:57] ERROR: MQTT error:
[2026-09-09 20:41:00] ERROR: MQTT error:
[2026-09-09 20:41:05] ERROR: MQTT error:
[2026-09-09 20:41:10] ERROR: MQTT error:
[2026-09-09 20:41:15] ERROR: MQTT error:
[2026-09-09 20:41:20] ERROR: MQTT error:
[2026-09-09 20:41:23] ERROR: MQTT error:
[2026-09-09 20:41:28] ERROR: MQTT error:
[2026-09-09 20:41:33] ERROR: MQTT error:
[2026-09-09 20:41:36] ERROR: MQTT error:
[2026-09-09 20:41:41] ERROR: MQTT error:
[2026-09-09 20:41:44] ERROR: MQTT error:
[2026-09-09 20:41:49] ERROR: MQTT error:
[2026-09-09 20:41:54] ERROR: MQTT error:
[2026-09-09 20:41:58] ERROR: MQTT error:
[2026-09-09 20:42:03] ERROR: MQTT error:
[2026-09-09 20:42:08] ERROR: MQTT error:
[2026-09-09 20:42:13] ERROR: MQTT error:
[2026-09-09 20:42:18] ERROR: MQTT error:
[2026-09-09 20:42:23] ERROR: MQTT error:
[2026-09-09 20:42:24] ERROR: MQTT error:
[2026-09-09 20:42:29] ERROR: MQTT error:
[2026-09-09 20:42:33] ERROR: MQTT error:
[2026-09-09 20:42:38] ERROR: MQTT error:
[2026-09-09 20:42:40] ERROR: MQTT error:
[2026-09-09 20:42:45] ERROR: MQTT error:
[2026-09-09 20:42:50] ERROR: MQTT error:
[2026-09-09 20:42:55] ERROR: MQTT error:
[2026-09-09 20:43:00] ERROR: MQTT error:
[2026-09-09 20:43:05] ERROR: MQTT error:
[2026-09-09 20:43:10] ERROR: MQTT error:
[2026-09-09 20:43:15] ERROR: MQTT error:
[2026-09-09 20:43:20] ERROR: MQTT error:
[2026-09-09 20:43:25] ERROR: MQTT error:
[2026-09-09 20:43:30] ERROR: MQTT error:
[2026-09-09 20:43:33] ERROR: MQTT error:
[2026-09-09 20:43:38] ERROR: MQTT error:
[2026-09-09 20:43:43] ERROR: MQTT error:
[2026-09-09 20:43:48] ERROR: MQTT error:
[2026-09-09 20:43:53] ERROR: MQTT error:
[2026-09-09 20:43:59] ERROR: MQTT error:
[2026-09-09 20:44:04] ERROR: MQTT error:
[2026-09-09 20:44:09] ERROR: MQTT error:
[2026-09-09 20:44:14] ERROR: MQTT error:
[2026-09-09 20:44:19] ERROR: MQTT error:
[2026-09-09 20:44:24] ERROR: MQTT error:
[2026-09-09 20:44:29] ERROR: MQTT error:
[2026-09-09 20:44:34] ERROR: MQTT error:
[2026-09-09 20:44:39] ERROR: MQTT error:
[2026-09-09 20:44:44] ERROR: MQTT error:
[2026-09-09 20:44:49] ERROR: MQTT error:
[2026-09-09 20:44:54] ERROR: MQTT error:
[2026-09-09 20:44:59] ERROR: MQTT error:
[2026-09-09 20:45:08] ERROR: MQTT error:
[2026-09-09 20:45:13] ERROR: MQTT error:
[2026-09-09 20:45:18] ERROR: MQTT error:
[2026-09-09 20:45:22] ERROR: MQTT error:
[2026-09-09 20:45:27] ERROR: MQTT error:
[2026-09-09 20:50:06] ERROR: MQTT error:
[2026-09-09 20:50:11] ERROR: MQTT error:
[2026-09-09 20:50:16] ERROR: MQTT error:
[2026-09-09 20:50:21] ERROR: MQTT error:
[2026-09-09 20:50:26] ERROR: MQTT error:
[2026-09-09 20:50:31] ERROR: MQTT error:
[2026-09-09 20:50:36] ERROR: MQTT error:
[2026-09-09 20:50:41] ERROR: MQTT error:
[2026-09-09 20:50:46] ERROR: MQTT error:
[2026-09-09 20:50:51] ERROR: MQTT error:
[2026-09-09 20:50:56] ERROR: MQTT error:
[2026-09-09 20:51:01] ERROR: MQTT error:
[2026-09-09 20:51:06] ERROR: MQTT error:
[2026-09-09 20:51:11] ERROR: MQTT error:
[2026-09-09 20:51:16] ERROR: MQTT error:
[2026-09-09 20:51:21] ERROR: MQTT error:
[2026-09-09 20:51:26] ERROR: MQTT error:
[2026-09-09 20:51:31] ERROR: MQTT error:
[2026-09-09 20:51:36] ERROR: MQTT error:
[2026-09-09 20:51:41] ERROR: MQTT error:
[2026-09-09 20:51:46] ERROR: MQTT error:
[2026-09-09 20:51:51] ERROR: MQTT error:
[2026-09-09 20:51:56] ERROR: MQTT error:
[2026-09-09 20:52:01] ERROR: MQTT error:
[2026-09-09 20:52:06] ERROR: MQTT error:
[2026-09-09 20:52:11] ERROR: MQTT error:
[2026-09-09 20:52:16] ERROR: MQTT error:
[2026-09-09 20:52:21] ERROR: MQTT error:
[2026-09-09 20:52:26] ERROR: MQTT error:
[2026-09-09 20:52:31] ERROR: MQTT error:
[2026-09-09 20:52:36] ERROR: MQTT error:
[2026-09-09 20:52:41] ERROR: MQTT error:
[2026-09-09 20:52:46] ERROR: MQTT error:
[2026-09-09 20:52:51] ERROR: MQTT error:
[2026-09-09 20:52:56] ERROR: MQTT error:
[2026-09-09 20:53:01] ERROR: MQTT error:
[2026-09-09 20:53:06] ERROR: MQTT error:
[2026-09-09 20:53:11] ERROR: MQTT error:
[2026-09-09 20:53:16] ERROR: MQTT error:
[2026-09-09 20:53:21] ERROR: MQTT error:
[2026-09-09 20:53:26] ERROR: MQTT error:
[2026-09-09 20:53:31] ERROR: MQTT error:
[2026-09-09 20:53:36] ERROR: MQTT error:
[2026-09-09 20:53:41] ERROR: MQTT error:
[2026-09-09 20:53:46] ERROR: MQTT error:
[2026-09-09 20:53:51] ERROR: MQTT error:
[2026-09-09 20:53:56] ERROR: MQTT error:
[2026-09-09 20:54:01] ERROR: MQTT error:
[2026-09-09 20:54:06] ERROR: MQTT error:
[2026-09-09 20:54:11] ERROR: MQTT error:
[2026-09-09 20:54:16] ERROR: MQTT error:
[2026-09-09 20:54:21] ERROR: MQTT error:
[2026-09-09 20:54:26] ERROR: MQTT error:
[2026-09-09 20:54:32] ERROR: MQTT error:
[2026-09-09 20:54:37] ERROR: MQTT error:
[2026-09-09 20:54:42] ERROR: MQTT error:
[2026-09-09 20:54:47] ERROR: MQTT error:
[2026-09-09 20:54:52] ERROR: MQTT error:
[2026-09-09 20:54:57] ERROR: MQTT error:
[2026-09-09 20:55:02] ERROR: MQTT error:
[2026-09-09 20:55:07] ERROR: MQTT error:
[2026-09-09 20:55:12] ERROR: MQTT error:
[2026-09-09 20:55:17] ERROR: MQTT error:
[2026-09-09 20:55:22] ERROR: MQTT error:
[2026-09-09 20:55:27] ERROR: MQTT error:
[2026-09-09 20:55:32] ERROR: MQTT error:
[2026-09-09 20:55:37] ERROR: MQTT error:
[2026-09-09 20:55:42] ERROR: MQTT error:
[2026-09-09 20:55:47] ERROR: MQTT error:
[2026-09-09 20:55:52] ERROR: MQTT error:
[2026-09-09 20:55:57] ERROR: MQTT error:
[2026-09-09 20:56:02] ERROR: MQTT error:
[2026-09-09 20:56:07] ERROR: MQTT error:
[2026-09-09 20:56:12] ERROR: MQTT error:
[2026-09-09 20:56:17] ERROR: MQTT error:
[2026-09-09 20:56:22] ERROR: MQTT error:
[2026-09-09 20:56:27] ERROR: MQTT error:
[2026-09-09 20:56:32] ERROR: MQTT error:
[2026-09-09 20:56:37] ERROR: MQTT error:
[2026-09-09 20:56:42] ERROR: MQTT error:
[2026-09-09 20:56:47] ERROR: MQTT error:
[2026-09-09 20:56:52] ERROR: MQTT error:
[2026-09-09 20:56:57] ERROR: MQTT error:
[2026-09-09 20:57:02] ERROR: MQTT error:
[2026-09-09 20:57:07] ERROR: MQTT error:
[2026-09-09 20:57:12] ERROR: MQTT error:
[2026-09-09 20:57:17] ERROR: MQTT error:
[2026-09-09 20:57:22] ERROR: MQTT error:
[2026-09-09 20:57:27] ERROR: MQTT error:
[2026-09-09 20:57:32] ERROR: MQTT error:
[2026-09-09 20:57:37] ERROR: MQTT error:
[2026-09-09 20:57:42] ERROR: MQTT error:
[2026-09-09 20:57:47] ERROR: MQTT error:
[2026-09-09 20:57:52] ERROR: MQTT error:
[2026-09-09 20:57:57] ERROR: MQTT error:
[2026-09-09 20:58:02] ERROR: MQTT error:
[2026-09-09 20:58:07] ERROR: MQTT error:
[2026-09-09 20:58:12] ERROR: MQTT error:
[2026-09-09 20:58:17] ERROR: MQTT error:
[2026-09-09 20:58:22] ERROR: MQTT error:
[2026-09-09 20:58:27] ERROR: MQTT error:
[2026-09-09 20:58:32] ERROR: MQTT error:
[2026-09-09 20:58:37] ERROR: MQTT error:
[2026-09-09 20:58:42] ERROR: MQTT error:
[2026-09-09 20:58:47] ERROR: MQTT error:
[2026-09-09 20:58:52] ERROR: MQTT error:
[2026-09-09 20:58:57] ERROR: MQTT error:
[2026-09-09 20:59:02] ERROR: MQTT error:
[2026-09-09 20:59:06] ERROR: MQTT error:
[2026-09-09 20:59:11] ERROR: MQTT error:
[2026-09-09 20:59:13] ERROR: MQTT error:
[2026-09-09 20:59:16] ERROR: MQTT error:
[2026-09-09 20:59:21] ERROR: MQTT error:
[2026-09-09 20:59:26] ERROR: MQTT error:
[2026-09-09 20:59:31] ERROR: MQTT error:
[2026-09-09 20:59:36] ERROR: MQTT error:
[2026-09-09 20:59:41] ERROR: MQTT error:
[2026-09-09 20:59:46] ERROR: MQTT error:
[2026-09-09 20:59:51] ERROR: MQTT error:
[2026-09-09 20:59:56] ERROR: MQTT error:
[2026-09-09 21:00:01] ERROR: MQTT error:
[2026-09-09 21:00:06] ERROR: MQTT error:
[2026-09-09 21:00:11] ERROR: MQTT error:
[2026-09-09 21:00:16] ERROR: MQTT error:
[2026-09-09 21:00:21] ERROR: MQTT error:
[2026-09-09 21:00:26] ERROR: MQTT error:
[2026-09-09 21:00:31] ERROR: MQTT error:
[2026-09-09 21:00:36] ERROR: MQTT error:
[2026-09-09 21:00:41] ERROR: MQTT error:
[2026-09-09 21:00:46] ERROR: MQTT error:
[2026-09-09 21:00:51] ERROR: MQTT error:
[2026-09-09 21:00:56] ERROR: MQTT error:
[2026-09-09 21:01:01] ERROR: MQTT error:
[2026-09-09 21:01:06] ERROR: MQTT error:
[2026-09-09 21:01:11] ERROR: MQTT error:
[2026-09-09 21:01:16] ERROR: MQTT error:
[2026-09-09 21:01:21] ERROR: MQTT error:
[2026-09-09 21:01:26] ERROR: MQTT error:
[2026-09-09 21:01:31] ERROR: MQTT error:
[2026-09-09 21:01:36] ERROR: MQTT error:
[2026-09-09 21:01:41] ERROR: MQTT error:
[2026-09-09 21:01:46] ERROR: MQTT error:
[2026-09-09 21:01:51] ERROR: MQTT error:
[2026-09-09 21:01:56] ERROR: MQTT error:
[2026-09-09 21:02:01] ERROR: MQTT error:
[2026-09-09 21:02:06] ERROR: MQTT error:
[2026-09-09 21:02:11] ERROR: MQTT error:
[2026-09-09 21:02:16] ERROR: MQTT error:
[2026-09-09 21:02:21] ERROR: MQTT error:
[2026-09-09 21:02:26] ERROR: MQTT error:
[2026-09-09 21:02:31] ERROR: MQTT error:
[2026-09-09 21:02:36] ERROR: MQTT error:
[2026-09-09 21:02:41] ERROR: MQTT error:
[2026-09-09 21:02:46] ERROR: MQTT error:
[2026-09-09 21:02:51] ERROR: MQTT error:
[2026-09-09 21:02:56] ERROR: MQTT error:
[2026-09-09 21:03:01] ERROR: MQTT error:
[2026-09-09 21:03:06] ERROR: MQTT error:
[2026-09-09 21:03:11] ERROR: MQTT error:
[2026-09-09 21:03:16] ERROR: MQTT error:
[2026-09-09 21:03:21] ERROR: MQTT error:
[2026-09-09 21:03:26] ERROR: MQTT error:
[2026-09-09 21:03:31] ERROR: MQTT error:
[2026-09-09 21:03:36] ERROR: MQTT error:
[2026-09-09 21:03:41] ERROR: MQTT error:
[2026-09-09 21:03:47] ERROR: MQTT error:
[2026-09-09 21:03:52] ERROR: MQTT error:
[2026-09-09 21:03:57] ERROR: MQTT error:
[2026-09-09 21:04:02] ERROR: MQTT error:
[2026-09-09 21:04:07] ERROR: MQTT error:
[2026-09-09 21:04:12] ERROR: MQTT error:
[2026-09-09 21:04:16] ERROR: MQTT error:
[2026-09-09 21:04:21] ERROR: MQTT error:
[2026-09-09 21:04:26] ERROR: MQTT error:
[2026-09-09 21:04:31] ERROR: MQTT error:
[2026-09-09 21:04:36] ERROR: MQTT error:
[2026-09-09 21:04:41] ERROR: MQTT error:
[2026-09-09 21:04:46] ERROR: MQTT error:
[2026-09-09 21:04:51] ERROR: MQTT error:
[2026-09-09 21:04:56] ERROR: MQTT error:
[2026-09-09 21:05:01] ERROR: MQTT error:
[2026-09-09 21:05:06] ERROR: MQTT error:
[2026-09-09 21:05:11] ERROR: MQTT error:
[2026-09-09 21:05:16] ERROR: MQTT error:
[2026-09-09 21:05:21] ERROR: MQTT error:
[2026-09-09 21:05:26] ERROR: MQTT error:
[2026-09-09 21:05:31] ERROR: MQTT error:
[2026-09-09 21:05:36] ERROR: MQTT error:
[2026-09-09 21:05:41] ERROR: MQTT error:
[2026-09-09 21:05:46] ERROR: MQTT error:
[2026-09-09 21:05:47] ERROR: MQTT error:
[2026-09-09 21:05:52] ERROR: MQTT error:
[2026-09-09 21:05:57] ERROR: MQTT error:
[2026-09-09 21:06:02] ERROR: MQTT error:
[2026-09-09 21:06:07] ERROR: MQTT error:
[2026-09-09 21:06:12] ERROR: MQTT error:
[2026-09-09 21:06:17] ERROR: MQTT error:
[2026-09-09 21:06:22] ERROR: MQTT error:
[2026-09-09 21:06:27] ERROR: MQTT error:
[2026-09-09 21:06:32] ERROR: MQTT error:
[2026-09-09 21:06:37] ERROR: MQTT error:
[2026-09-09 21:06:42] ERROR: MQTT error:
[2026-09-09 21:06:48] ERROR: MQTT error:
[2026-09-09 21:06:53] ERROR: MQTT error:
[2026-09-09 21:06:58] ERROR: MQTT error:
[2026-09-09 21:07:03] ERROR: MQTT error:
[2026-09-09 21:07:08] ERROR: MQTT error:
[2026-09-09 21:07:13] ERROR: MQTT error:
[2026-09-09 21:07:18] ERROR: MQTT error:
[2026-09-09 21:07:23] ERROR: MQTT error:
[2026-09-09 21:07:28] ERROR: MQTT error:
[2026-09-09 21:07:33] ERROR: MQTT error:
[2026-09-09 21:07:38] ERROR: MQTT error:
[2026-09-09 21:07:43] ERROR: MQTT error:
[2026-09-09 21:07:48] ERROR: MQTT error:
[2026-09-09 21:07:53] ERROR: MQTT error:
[2026-09-09 21:07:58] ERROR: MQTT error:
[2026-09-09 21:08:03] ERROR: MQTT error:
[2026-09-09 21:08:08] ERROR: MQTT error:
[2026-09-09 21:08:13] ERROR: MQTT error:
[2026-09-09 21:08:18] ERROR: MQTT error:
[2026-09-09 21:08:23] ERROR: MQTT error:
[2026-09-09 21:08:28] ERROR: MQTT error:
[2026-09-09 21:08:33] ERROR: MQTT error:
[2026-09-09 21:08:38] ERROR: MQTT error:
[2026-09-09 21:08:43] ERROR: MQTT error:
[2026-09-09 21:08:48] ERROR: MQTT error:
[2026-09-09 21:08:53] ERROR: MQTT error:
[2026-09-09 21:08:58] ERROR: MQTT error:
[2026-09-09 21:09:03] ERROR: MQTT error:
[2026-09-09 21:09:08] ERROR: MQTT error:
[2026-09-09 21:09:13] ERROR: MQTT error:
[2026-09-09 21:09:18] ERROR: MQTT error:
[2026-09-09 21:10:49] ERROR: MQTT error:
[2026-09-09 21:10:54] ERROR: MQTT error:
[2026-09-09 21:10:59] ERROR: MQTT error:
[2026-09-09 21:11:04] ERROR: MQTT error:
[2026-09-09 21:11:09] ERROR: MQTT error:
[2026-09-09 21:11:14] ERROR: MQTT error:
[2026-09-09 21:11:19] ERROR: MQTT error:
[2026-09-09 21:11:25] ERROR: MQTT error:
[2026-09-09 21:11:30] ERROR: MQTT error:
[2026-09-09 21:11:35] ERROR: MQTT error:
[2026-09-09 21:11:40] ERROR: MQTT error:
[2026-09-09 21:11:45] ERROR: MQTT error:
[2026-09-09 21:11:50] ERROR: MQTT error:
[2026-09-09 21:11:55] ERROR: MQTT error:
[2026-09-09 21:12:00] ERROR: MQTT error:
[2026-09-09 21:12:05] ERROR: MQTT error:
[2026-09-09 21:12:10] ERROR: MQTT error:
[2026-09-09 21:12:15] ERROR: MQTT error:
[2026-09-09 21:12:20] ERROR: MQTT error:
[2026-09-09 21:12:25] ERROR: MQTT error:
[2026-09-09 21:12:30] ERROR: MQTT error:
[2026-09-09 21:12:35] ERROR: MQTT error:
[2026-09-09 21:12:40] ERROR: MQTT error:
[2026-09-09 21:12:45] ERROR: MQTT error:
[2026-09-09 21:12:50] ERROR: MQTT error:
[2026-09-09 21:12:55] ERROR: MQTT error:
[2026-09-09 21:13:00] ERROR: MQTT error:
[2026-09-09 21:13:05] ERROR: MQTT error:
[2026-09-09 21:13:10] ERROR: MQTT error:
[2026-09-09 21:13:15] ERROR: MQTT error:
[2026-09-09 21:13:20] ERROR: MQTT error:
[2026-09-09 21:13:25] ERROR: MQTT error:
[2026-09-09 21:13:30] ERROR: MQTT error:
[2026-09-09 21:13:35] ERROR: MQTT error:
[2026-09-09 21:13:40] ERROR: MQTT error:
[2026-09-09 21:13:45] ERROR: MQTT error:
[2026-09-09 21:13:50] ERROR: MQTT error:
[2026-09-09 21:13:55] ERROR: MQTT error:
[2026-09-09 21:14:00] ERROR: MQTT error:
[2026-09-09 21:14:05] ERROR: MQTT error:
[2026-09-09 21:14:10] ERROR: MQTT error:
[2026-09-09 21:14:15] ERROR: MQTT error:
[2026-09-09 21:14:20] ERROR: MQTT error:
[2026-09-09 21:14:25] ERROR: MQTT error:
[2026-09-09 21:14:30] ERROR: MQTT error:
[2026-09-09 21:14:35] ERROR: MQTT error:
[2026-09-09 21:14:40] ERROR: MQTT error:
[2026-09-09 21:14:45] ERROR: MQTT error:
[2026-09-09 21:14:50] ERROR: MQTT error:
[2026-09-09 21:14:55] ERROR: MQTT error:
[2026-09-09 21:15:00] ERROR: MQTT error:
[2026-09-09 21:15:05] ERROR: MQTT error:
[2026-09-09 21:15:10] ERROR: MQTT error:
[2026-09-09 21:15:15] ERROR: MQTT error:
[2026-09-09 21:15:20] ERROR: MQTT error:
[2026-09-09 21:15:25] ERROR: MQTT error:
[2026-09-09 21:15:30] ERROR: MQTT error:
[2026-09-09 21:15:35] ERROR: MQTT error:
[2026-09-09 21:15:40] ERROR: MQTT error:
[2026-09-09 21:15:45] ERROR: MQTT error:
[2026-09-09 21:15:50] ERROR: MQTT error:
[2026-09-09 21:15:55] ERROR: MQTT error:
[2026-09-09 21:16:00] ERROR: MQTT error:
[2026-09-09 21:16:05] ERROR: MQTT error:
[2026-09-09 21:16:10] ERROR: MQTT error:
[2026-09-09 21:16:15] ERROR: MQTT error:
[2026-09-09 21:16:20] ERROR: MQTT error:
[2026-09-09 21:16:25] ERROR: MQTT error:
[2026-09-09 21:16:30] ERROR: MQTT error:
[2026-09-09 21:21:37] ERROR: MQTT error:
[2026-09-09 21:21:42] ERROR: MQTT error:
[2026-09-09 21:21:47] ERROR: MQTT error:
[2026-09-09 21:21:52] ERROR: MQTT error:
[2026-09-09 21:21:57] ERROR: MQTT error:
[2026-09-09 21:22:02] ERROR: MQTT error:
[2026-09-09 21:22:07] ERROR: MQTT error:
[2026-09-09 21:22:12] ERROR: MQTT error:
[2026-09-09 21:22:17] ERROR: MQTT error:
[2026-09-09 21:22:22] ERROR: MQTT error:
[2026-09-09 21:22:28] ERROR: MQTT error:
[2026-09-09 21:22:33] ERROR: MQTT error:
[2026-09-09 21:22:38] ERROR: MQTT error:
[2026-09-09 21:22:43] ERROR: MQTT error:
[2026-09-09 21:22:48] ERROR: MQTT error:
[2026-09-09 21:22:53] ERROR: MQTT error:
[2026-09-09 21:22:58] ERROR: MQTT error:
[2026-09-09 21:23:03] ERROR: MQTT error:
[2026-09-09 21:23:08] ERROR: MQTT error:
[2026-09-09 21:23:13] ERROR: MQTT error:
[2026-09-09 21:23:18] ERROR: MQTT error:
[2026-09-09 21:23:23] ERROR: MQTT error:
[2026-09-09 21:23:28] ERROR: MQTT error:
[2026-09-09 21:23:33] ERROR: MQTT error:
[2026-09-09 21:23:38] ERROR: MQTT error:
[2026-09-09 21:23:43] ERROR: MQTT error:
[2026-09-09 21:23:48] ERROR: MQTT error:
[2026-09-09 21:23:53] ERROR: MQTT error:
[2026-09-09 21:23:58] ERROR: MQTT error:
[2026-09-09 21:24:03] ERROR: MQTT error:
[2026-09-09 21:24:08] ERROR: MQTT error:
[2026-09-09 21:24:13] ERROR: MQTT error:
[2026-09-09 21:24:18] ERROR: MQTT error:
[2026-09-09 21:24:23] ERROR: MQTT error:
[2026-09-09 21:24:28] ERROR: MQTT error:
[2026-09-09 21:24:33] ERROR: MQTT error:
[2026-09-09 21:24:38] ERROR: MQTT error:
[2026-09-09 21:24:43] ERROR: MQTT error:
[2026-09-09 21:24:48] ERROR: MQTT error:
[2026-09-09 21:24:53] ERROR: MQTT error:
[2026-09-09 21:24:58] ERROR: MQTT error:
[2026-09-09 21:25:03] ERROR: MQTT error:
[2026-09-09 21:25:08] ERROR: MQTT error:
[2026-09-09 21:25:13] ERROR: MQTT error:
[2026-09-09 21:25:18] ERROR: MQTT error:
[2026-09-09 21:25:23] ERROR: MQTT error:
[2026-09-09 21:25:28] ERROR: MQTT error:
[2026-09-09 21:25:33] ERROR: MQTT error:
[2026-09-09 21:25:38] ERROR: MQTT error:
[2026-09-09 21:25:43] ERROR: MQTT error:
[2026-09-09 21:25:48] ERROR: MQTT error:
[2026-09-09 21:25:53] ERROR: MQTT error:
[2026-09-09 21:25:58] ERROR: MQTT error:
[2026-09-09 21:26:03] ERROR: MQTT error:
[2026-09-09 21:26:08] ERROR: MQTT error:
[2026-09-09 21:26:13] ERROR: MQTT error:
[2026-09-09 21:26:18] ERROR: MQTT error:
[2026-09-09 21:26:23] ERROR: MQTT error:
[2026-09-09 21:26:28] ERROR: MQTT error:
[2026-09-09 21:26:33] ERROR: MQTT error:
[2026-09-09 21:26:38] ERROR: MQTT error:
[2026-09-09 21:26:43] ERROR: MQTT error:
[2026-09-09 21:26:48] ERROR: MQTT error:
[2026-09-09 21:26:53] ERROR: MQTT error:
[2026-09-09 21:26:58] ERROR: MQTT error:
[2026-09-09 21:27:03] ERROR: MQTT error:
[2026-09-09 21:27:08] ERROR: MQTT error:
[2026-09-09 21:27:13] ERROR: MQTT error:
[2026-09-09 21:27:18] ERROR: MQTT error:
[2026-09-09 21:27:23] ERROR: MQTT error:
[2026-09-09 21:27:28] ERROR: MQTT error:
[2026-09-09 21:27:33] ERROR: MQTT error:
[2026-09-09 21:27:38] ERROR: MQTT error:
[2026-09-09 21:27:43] ERROR: MQTT error:
[2026-09-09 21:27:48] ERROR: MQTT error:
[2026-09-09 21:27:53] ERROR: MQTT error:
[2026-09-09 21:27:58] ERROR: MQTT error:
[2026-09-09 21:28:03] ERROR: MQTT error:
[2026-09-09 21:28:08] ERROR: MQTT error:
[2026-09-09 21:28:13] ERROR: MQTT error:
[2026-09-09 21:28:18] ERROR: MQTT error:
[2026-09-09 21:28:23] ERROR: MQTT error:
[2026-09-09 21:28:28] ERROR: MQTT error:
[2026-09-09 21:28:33] ERROR: MQTT error:
[2026-09-09 21:28:38] ERROR: MQTT error:
[2026-09-09 21:28:43] ERROR: MQTT error:
[2026-09-09 21:28:48] ERROR: MQTT error:
[2026-09-09 21:28:53] ERROR: MQTT error:
[2026-09-09 21:28:58] ERROR: MQTT error:
[2026-09-09 21:29:03] ERROR: MQTT error:
[2026-09-09 21:29:08] ERROR: MQTT error:
[2026-09-09 21:29:13] ERROR: MQTT error:
[2026-09-09 21:29:18] ERROR: MQTT error:
[2026-09-09 21:29:23] ERROR: MQTT error:
[2026-09-09 21:29:28] ERROR: MQTT error:
[2026-09-09 21:29:33] ERROR: MQTT error:
[2026-09-09 21:29:38] ERROR: MQTT error:
[2026-09-09 21:29:43] ERROR: MQTT error:
[2026-09-09 21:29:48] ERROR: MQTT error:
[2026-09-09 21:29:53] ERROR: MQTT error:
[2026-09-09 21:29:58] ERROR: MQTT error:
[2026-09-09 21:30:03] ERROR: MQTT error:
[2026-09-09 21:30:08] ERROR: MQTT error:
[2026-09-09 21:30:13] ERROR: MQTT error:
[2026-09-09 21:30:18] ERROR: MQTT error:
[2026-09-09 21:30:23] ERROR: MQTT error:
[2026-09-09 21:30:28] ERROR: MQTT error:
[2026-09-09 21:30:33] ERROR: MQTT error:
[2026-09-09 21:30:38] ERROR: MQTT error:
[2026-09-09 21:30:43] ERROR: MQTT error:
[2026-09-09 21:30:48] ERROR: MQTT error:
[2026-09-09 21:30:50] ERROR: DB Query Error:
[2026-09-09 21:30:50] ERROR: [ERROR] GET /api/statistics/dashboard: Unknown column 'ph.plate_number' in 'field list'
Error: Unknown column 'ph.plate_number' in 'field list'
    at query (C:\Users\ADMIN\Downloads\Thiet ke ht IOT\BÀi tập lớn\backend_csdl\src\config\db.js:35:31)
    at getDashboard (C:\Users\ADMIN\Downloads\Thiet ke ht IOT\BÀi tập lớn\backend_csdl\src\controllers\statisticsController.js:40:33)
    at process.processTicksAndRejections (node:internal/process/task_queues:105:5)
[2026-09-09 21:30:53] ERROR: MQTT error:
[2026-09-09 21:30:58] ERROR: MQTT error:
[2026-09-09 21:31:03] ERROR: MQTT error:
[2026-09-09 21:31:08] ERROR: MQTT error:
[2026-09-09 21:31:13] ERROR: MQTT error:
[2026-09-09 21:31:19] ERROR: MQTT error:
[2026-09-09 21:31:24] ERROR: MQTT error:
[2026-09-09 21:31:29] ERROR: MQTT error:
[2026-09-09 21:31:34] ERROR: MQTT error:
[2026-09-09 21:31:39] ERROR: MQTT error:
[2026-09-09 21:31:39] ERROR: DB Query Error:
[2026-09-09 21:31:44] ERROR: MQTT error:
[2026-09-09 21:31:49] ERROR: MQTT error:
[2026-09-09 21:31:54] ERROR: MQTT error:
[2026-09-09 21:31:59] ERROR: MQTT error:
[2026-09-09 21:32:04] ERROR: MQTT error:
[2026-09-09 21:32:09] ERROR: MQTT error:
[2026-09-09 21:32:14] ERROR: MQTT error:
[2026-09-09 21:32:19] ERROR: MQTT error:
[2026-09-09 21:32:24] ERROR: MQTT error:
[2026-09-09 21:32:29] ERROR: MQTT error:
[2026-09-09 21:32:34] ERROR: MQTT error:
[2026-09-09 21:32:39] ERROR: MQTT error:
[2026-09-09 21:32:44] ERROR: MQTT error:
[2026-09-09 21:32:49] ERROR: MQTT error:
[2026-09-09 21:32:54] ERROR: MQTT error:
[2026-09-09 21:32:54] ERROR: DB Query Error:
[2026-09-09 21:32:54] ERROR: [ERROR] GET /api/statistics/dashboard: Unknown column 'ph.plate_number' in 'field list'
Error: Unknown column 'ph.plate_number' in 'field list'
    at query (C:\Users\ADMIN\Downloads\Thiet ke ht IOT\BÀi tập lớn\backend_csdl\src\config\db.js:35:31)
    at getDashboard (C:\Users\ADMIN\Downloads\Thiet ke ht IOT\BÀi tập lớn\backend_csdl\src\controllers\statisticsController.js:40:33)
    at process.processTicksAndRejections (node:internal/process/task_queues:105:5)
[2026-09-09 21:32:59] ERROR: MQTT error:
[2026-09-09 21:33:04] ERROR: MQTT error:
[2026-09-09 21:33:09] ERROR: MQTT error:
[2026-09-09 21:33:14] ERROR: MQTT error:
[2026-09-09 21:33:19] ERROR: MQTT error:
[2026-09-09 21:33:24] ERROR: MQTT error:
[2026-09-09 21:33:29] ERROR: MQTT error:
[2026-09-09 21:33:30] ERROR: DB Query Error:
[2026-09-09 21:33:30] ERROR: [ERROR] GET /api/statistics/dashboard: Unknown column 'ph.plate_number' in 'field list'
Error: Unknown column 'ph.plate_number' in 'field list'
    at query (C:\Users\ADMIN\Downloads\Thiet ke ht IOT\BÀi tập lớn\backend_csdl\src\config\db.js:35:31)
    at getDashboard (C:\Users\ADMIN\Downloads\Thiet ke ht IOT\BÀi tập lớn\backend_csdl\src\controllers\statisticsController.js:40:33)
    at process.processTicksAndRejections (node:internal/process/task_queues:105:5)
[2026-09-09 21:33:34] ERROR: MQTT error:
[2026-09-09 21:33:39] ERROR: MQTT error:
[2026-09-09 21:33:42] ERROR: MQTT error:
[2026-09-09 21:33:47] ERROR: MQTT error:
[2026-09-09 21:33:52] ERROR: MQTT error:
[2026-09-09 21:33:57] ERROR: MQTT error:
[2026-09-09 21:34:02] ERROR: MQTT error:
[2026-09-09 21:34:07] ERROR: MQTT error:
[2026-09-09 21:34:12] ERROR: MQTT error:
[2026-09-09 21:34:18] ERROR: MQTT error:
[2026-09-09 21:34:23] ERROR: MQTT error:
[2026-09-09 21:34:28] ERROR: MQTT error:
[2026-09-09 21:34:33] ERROR: MQTT error:
[2026-09-09 21:34:38] ERROR: MQTT error:
[2026-09-09 21:34:43] ERROR: MQTT error:
[2026-09-09 21:34:48] ERROR: MQTT error:
[2026-09-09 21:34:53] ERROR: MQTT error:
[2026-09-09 21:34:58] ERROR: MQTT error:
[2026-09-09 21:35:03] ERROR: MQTT error:
[2026-09-09 21:35:08] ERROR: MQTT error:
[2026-09-09 21:35:13] ERROR: MQTT error:
[2026-09-09 21:35:18] ERROR: MQTT error:
[2026-09-09 21:35:23] ERROR: MQTT error:
[2026-09-09 21:35:28] ERROR: MQTT error:
[2026-09-09 21:35:33] ERROR: MQTT error:
[2026-09-09 21:35:38] ERROR: MQTT error:
[2026-09-09 21:35:43] ERROR: MQTT error:
[2026-09-09 21:35:48] ERROR: MQTT error:
[2026-09-09 21:35:53] ERROR: MQTT error:
[2026-09-09 21:35:58] ERROR: MQTT error:
[2026-09-09 21:36:03] ERROR: MQTT error:
[2026-09-09 21:36:08] ERROR: MQTT error:
[2026-09-09 21:36:13] ERROR: MQTT error:
[2026-09-09 21:36:18] ERROR: MQTT error:
[2026-09-09 21:36:23] ERROR: MQTT error:
[2026-09-09 21:36:28] ERROR: MQTT error:
[2026-09-09 21:36:33] ERROR: MQTT error:
[2026-09-09 21:36:38] ERROR: MQTT error:
[2026-09-09 21:36:43] ERROR: MQTT error:
[2026-09-09 21:36:48] ERROR: MQTT error:
[2026-09-09 21:36:53] ERROR: MQTT error:
[2026-09-09 21:36:58] ERROR: MQTT error:
[2026-09-09 21:37:03] ERROR: MQTT error:
[2026-09-09 21:37:08] ERROR: MQTT error:
[2026-09-09 21:37:13] ERROR: MQTT error:
[2026-09-09 21:37:18] ERROR: MQTT error:
[2026-09-09 21:37:23] ERROR: MQTT error:
[2026-09-09 21:37:28] ERROR: MQTT error:
[2026-09-09 21:37:33] ERROR: MQTT error:
[2026-09-09 21:37:38] ERROR: MQTT error:
[2026-09-09 21:37:43] ERROR: MQTT error:
[2026-09-09 21:37:48] ERROR: MQTT error:
[2026-09-09 21:37:53] ERROR: MQTT error:
[2026-09-09 21:37:58] ERROR: MQTT error:
[2026-09-09 21:38:03] ERROR: MQTT error:
[2026-09-09 21:38:08] ERROR: MQTT error:
[2026-09-09 21:38:13] ERROR: MQTT error:
[2026-09-09 21:38:18] ERROR: MQTT error:
[2026-09-09 21:38:23] ERROR: MQTT error:
[2026-09-09 21:38:28] ERROR: MQTT error:
[2026-09-09 21:38:33] ERROR: MQTT error:
[2026-09-09 21:38:38] ERROR: MQTT error:
[2026-09-09 21:38:43] ERROR: MQTT error:
[2026-09-09 21:38:48] ERROR: MQTT error:
[2026-09-09 21:38:53] ERROR: MQTT error:
[2026-09-09 21:38:58] ERROR: MQTT error:
[2026-09-09 21:39:03] ERROR: MQTT error:
[2026-09-09 21:39:08] ERROR: MQTT error:
[2026-09-09 21:39:13] ERROR: MQTT error:
[2026-09-09 21:39:18] ERROR: MQTT error:
[2026-09-09 21:39:23] ERROR: MQTT error:
[2026-09-09 21:39:28] ERROR: MQTT error:
[2026-09-09 21:39:33] ERROR: MQTT error:
[2026-09-09 21:39:39] ERROR: MQTT error:
[2026-09-09 21:39:44] ERROR: MQTT error:
[2026-09-09 21:39:49] ERROR: MQTT error:
[2026-09-09 21:39:54] ERROR: MQTT error:
[2026-09-09 21:39:59] ERROR: MQTT error:
[2026-09-09 21:40:04] ERROR: MQTT error:
[2026-09-09 21:40:09] ERROR: MQTT error:
[2026-09-09 21:40:14] ERROR: MQTT error:
[2026-09-09 21:40:19] ERROR: MQTT error:
[2026-09-09 21:40:24] ERROR: MQTT error:
[2026-09-09 21:40:29] ERROR: MQTT error:
[2026-09-09 21:40:34] ERROR: MQTT error:
[2026-09-09 21:40:39] ERROR: MQTT error:
[2026-09-09 21:40:44] ERROR: MQTT error:
[2026-09-09 21:40:49] ERROR: MQTT error:
[2026-09-09 21:40:54] ERROR: MQTT error:
[2026-09-09 21:40:59] ERROR: MQTT error:
[2026-09-09 21:41:04] ERROR: MQTT error:
[2026-09-09 21:41:09] ERROR: MQTT error:
[2026-09-09 21:41:14] ERROR: MQTT error:
